// Jest Snapshot v1, https://goo.gl/fbAQLP

exports[`<Button /> should be able to render the heading 1`] = `
<div
  class="styles__Container-mrxr17-0"
>
  <h1>
    Button
  </h1>
</div>
`;
